// Jest Snapshot v1, https://goo.gl/fbAQLP

exports[`should render movies successfully 1`] = `
<View
  style={
    [
      {
        "alignItems": "center",
        "flexBasis": 0,
        "flexGrow": 1,
        "flexShrink": 1,
        "justifyContent": "center",
      },
    ]
  }
>
  <ActivityIndicator
    accessibilityHint="loading"
    color="#191015"
    size={36}
  />
</View>
`;
